// Jest Snapshot v1, https://goo.gl/fbAQLP

exports[`should match snapshot 1`] = `
<div>
  <div
    class="container"
  >
    <header
      class="header usa-header usa-header--basic"
      role="banner"
    >
      <div
        class="usa-navbar"
      >
        <div
          class="grid-row"
        >
          <div
            class="desktop:grid-col-8"
          >
            <div
              class="usa-logo margin-left-2"
            >
              <em
                class="usa-logo__text"
              >
                Apply for WIC in Montana
              </em>
            </div>
          </div>
        </div>
      </div>
    </header>
    <main
      class="main"
    >
      <div
        class="grid-row"
      >
        <div
          class="desktop:grid-col-8 padding-2 padding-bottom-8"
        >
          <h1>
            'child'
          </h1>
        </div>
      </div>
    </main>
    <footer
      class="footer usa-footer usa-footer--slim"
    >
      <div
        class="usa-footer__primary-section"
      >
        <div
          class="grid-row"
        >
          <div
            class="desktop:grid-col-8 padding-2"
          >
            <div
              class="logos"
            >
              <img
                alt="WIC logo"
                class="remix-image"
                decoding="async"
                height="32"
                loading="lazy"
                src="/img/wic-logo.svg"
                style="min-width: 0; min-height: 0; background-size: cover; background-position: center;"
                width="64.52"
              />
              <img
                alt="Montana DPHHS logo"
                class="remix-image"
                decoding="async"
                height="32"
                loading="lazy"
                src="/img/montana-logo.svg"
                style="min-width: 0; min-height: 0; background-size: cover; background-position: center;"
                width="46.22"
              />
            </div>
            <div
              class="font-body-3xs"
            >
              <p>
                This site is a demonstration project built with 
                <a
                  class="usa-link usa-link--external"
                  href="https://dphhs.mt.gov/ecfsd/wic/index"
                  rel="noopener noreferrer"
                  target="_blank"
                >
                  Montana WIC
                </a>
                 and is for example purposes only. If you need to submit an application for WIC, please use 
                <a
                  class="usa-link usa-link--external"
                  href="https://www.signupwic.com/"
                  rel="noopener noreferrer"
                  target="_blank"
                >
                  SignUpWIC.com
                </a>
                 to find a location near you.
              </p>
              <p>
                This institution is an equal opportunity provider. 
                <a
                  class="usa-link usa-link--external"
                  href="https://www.fns.usda.gov/civil-rights/usda-nondiscrimination-statement-other-fns-programs"
                  rel="noopener noreferrer"
                  target="_blank"
                >
                  USDA Non-Discrimination Statement
                </a>
              </p>
            </div>
          </div>
        </div>
      </div>
    </footer>
  </div>
</div>
`;
